
> content_platform@0.1.0 build
> next build

  ??Next.js 14.2.35
  - Environments: .env.local

   Creating an optimized production build ...
 ??Compiled successfully
   Linting and checking validity of types ...
node.exe : 
위치 줄:1 문자:1
+ & "C:\Program Files\nodejs/node.exe" "C:\Program Files\nodejs/node_mo ...
+ ~~~~~~~~~~~~~~~~~~~~~~~~~~~~~~~~~~~~~~~~~~~~~~~~~~~~~~~~~~~~~~~~~~~~~
    + CategoryInfo          : NotSpecified: (:String) [], RemoteException
    + FullyQualifiedErrorId : NativeCommandError
 
Failed to compile.

./src/app/manage/page.tsx
58:7  Error: 'initialContents' is assigned a value but never used.  @typescript-eslint/no-unused-vars
200:67  Error: Unexpected any. Specify a different type.  @typescript-eslint/no-explicit-any
208:85  Error: Unexpected any. Specify a different type.  @typescript-eslint/no-explicit-any
743:65  Warning: Using `<img>` could result in slower LCP and higher bandwidth. Consider using `<Image />` from `next/i
mage` to automatically optimize images. This may incur additional usage or cost from your provider. See: https://nextjs
.org/docs/messages/no-img-element  @next/next/no-img-element
772:65  Warning: Using `<img>` could result in slower LCP and higher bandwidth. Consider using `<Image />` from `next/i
mage` to automatically optimize images. This may incur additional usage or cost from your provider. See: https://nextjs
.org/docs/messages/no-img-element  @next/next/no-img-element
804:65  Warning: Using `<img>` could result in slower LCP and higher bandwidth. Consider using `<Image />` from `next/i
mage` to automatically optimize images. This may incur additional usage or cost from your provider. See: https://nextjs
.org/docs/messages/no-img-element  @next/next/no-img-element
952:69  Warning: Using `<img>` could result in slower LCP and higher bandwidth. Consider using `<Image />` from `next/i
mage` to automatically optimize images. This may incur additional usage or cost from your provider. See: https://nextjs
.org/docs/messages/no-img-element  @next/next/no-img-element

info  - Need to disable some ESLint rules? Learn more here: https://nextjs.org/docs/basic-features/eslint#disabling-rul
es
